FC Bayern München         |  24 |  15 |   7 |   2 |  71 |  25 |  46 |  52
Borussia Dortmund         |  24 |  16 |   2 |   6 |  49 |  30 |  19 |  50
RB Leipzig                |  24 |  13 |   6 |   5 |  49 |  29 |  20 |  45
1. FC Union Berlin        |  24 |  13 |   6 |   5 |  36 |  28 |   8 |  45
SC Freiburg               |  24 |  13 |   6 |   5 |  37 |  33 |   4 |  45
Eintracht Frankfurt       |  24 |  11 |   7 |   6 |  46 |  34 |  12 |  40
1. FSV Mainz 05           |  24 |  10 |   6 |   8 |  39 |  35 |   4 |  36
VfL Wolfsburg             |  24 |   9 |   8 |   7 |  43 |  32 |  11 |  35
Bayer Leverkusen          |  24 |  10 |   4 |  10 |  43 |  39 |   4 |  34
Borussia Mönchengladbach  |  24 |   8 |   6 |  10 |  38 |  42 |  -4 |  30
Werder Bremen             |  24 |   9 |   3 |  12 |  37 |  46 |  -9 |  30
1. FC Köln                |  24 |   6 |   9 |   9 |  32 |  38 |  -6 |  27
FC Augsburg               |  24 |   8 |   3 |  13 |  31 |  44 | -13 |  27
VfL Bochum                |  24 |   7 |   1 |  16 |  26 |  56 | -30 |  22
Hertha BSC                |  24 |   5 |   6 |  13 |  29 |  45 | -16 |  21
VfB Stuttgart             |  24 |   4 |   8 |  12 |  29 |  41 | -12 |  20
FC Schalke 04             |  24 |   4 |   8 |  12 |  20 |  44 | -24 |  20
TSG 1899 Hoffenheim       |  24 |   5 |   4 |  15 |  30 |  44 | -14 |  19
